TODO:filename:-1: Type error: type mismatch;
  found   : number()
  required: 'foo'
there is no solution that satisfies subtype constraints
